[mize.market/index.html]
[mize.market/images/1524688798.png]
[backblue.gif]
[fade.gif]
[index.html]
[cdnjs.cloudflare.com/ajax/libs/semantic-ui/2.3.0/semantic.min.css]
[mize.market/market.html]
[mize.market/icos.html]
[mize.market/images/1524688786.png]
[mize.market/market/100.html]
[mize.market/converter.html]
[mize.market/assets/frontend/images/loader.gif]
[cdnjs.cloudflare.com/ajax/libs/money.js/0.2.0/money.min.js]
[mize.market/assets/frontend/js/frontend.min.js]
[mize.market/market/all.html]
[cdnjs.cloudflare.com/ajax/libs/jquery/3.2.1/jquery.min.js]
[cdnjs.cloudflare.com/ajax/libs/semantic-ui/2.3.0/semantic.min.js]
[mize.market/assets/frontend/js/market.min.js]
[mize.market/index.html]
[cdnjs.cloudflare.com/ajax/libs/socket.io/2.0.4/socket.io.js]
[cdnjs.cloudflare.com/ajax/libs/semantic-ui/2.3.0/themes/default/assets/images/flags.png]
[cdnjs.cloudflare.com/ajax/libs/semantic-ui/2.3.0/themes/default/assets/fonts/icons.eot]
[cdnjs.cloudflare.com/ajax/libs/semantic-ui/2.3.0/themes/default/assets/fonts/iconsd41d.eot]
[cdnjs.cloudflare.com/ajax/libs/semantic-ui/2.3.0/themes/default/assets/fonts/icons.woff2]
[cdnjs.cloudflare.com/ajax/libs/semantic-ui/2.3.0/themes/default/assets/fonts/icons.woff]
[cdnjs.cloudflare.com/ajax/libs/semantic-ui/2.3.0/themes/default/assets/fonts/icons.ttf]
[cdnjs.cloudflare.com/ajax/libs/semantic-ui/2.3.0/semantic.min.css]
[mize.market/assets/frontend/css/frontend.css]
[mize.market/market.html]
[mize.market/assets/frontend/js/converter.min.js]
[mize.market/converter.html]
[mize.market/icos/live.html]
[mize.market/icos/upcoming.html]
[icowatchlist.com/logos/shivom.png]
[icowatchlist.com/logos/dapcash.png]
[mize.market/icos/finished.html]
[icowatchlist.com/logos/astorgame.png]
[cdnjs.cloudflare.com/ajax/libs/semantic-ui/2.3.0/themes/default/assets/fonts/icons.svg]
[icowatchlist.com/logos/blocside-sports.png]
[icowatchlist.com/logos/streamity.png]
[icowatchlist.com/logos/connectjob.png]
[icowatchlist.com/logos/galaxis.png]
[icowatchlist.com/logos/realcasino.png]
[icowatchlist.com/logos/corl.png]
[icowatchlist.com/logos/etheera.png]
[icowatchlist.com/logos/florafic.png]
[icowatchlist.com/logos/essentia.png]
[icowatchlist.com/logos/robotina.png]
[icowatchlist.com/logos/fox-trading.png]
[icowatchlist.com/logos/cryptelo.png]
[icowatchlist.com/logos/cartel-chain.png]
[icowatchlist.com/logos/medichainonline.png]
[icowatchlist.com/logos/thinkcoin.png]
[icowatchlist.com/logos/trueplay.png]
[icowatchlist.com/logos/all-stocks-network.png]
[icowatchlist.com/logos/zufloio.png]
[icowatchlist.com/logos/delphi-technologies-token.png]
[icowatchlist.com/logos/wiix.png]
[icowatchlist.com/logos/etherty.png]
[icowatchlist.com/logos/ipstock.png]
[icowatchlist.com/logos/elementh.png]
[icowatchlist.com/logos/decentralized-news-network.png]
[icowatchlist.com/logos/adamant-messenger.png]
[icowatchlist.com/logos/kerberos-coin.png]
[icowatchlist.com/logos/moneytoken.png]
[icowatchlist.com/logos/airchain-network.png]
[icowatchlist.com/logos/pr-network.png]
[icowatchlist.com/logos/paymon.png]
[icowatchlist.com/logos/ceek.png]
[icowatchlist.com/logos/globatalent.png]
[icowatchlist.com/logos/cryde.png]
[icowatchlist.com/logos/nickelcoin.png]
[icowatchlist.com/logos/mydfs.png]
[icowatchlist.com/logos/eligma.png]
[icowatchlist.com/logos/patron.png]
[icowatchlist.com/logos/nexusless.png]
[icowatchlist.com/logos/ligercoin.png]
[icowatchlist.com/logos/mandala.png]
[icowatchlist.com/logos/bitguild.png]
[icowatchlist.com/logos/lunes-platform.png]
[icowatchlist.com/logos/arcona.png]
[icowatchlist.com/logos/well.png]
[icowatchlist.com/logos/odyfund.png]
[icowatchlist.com/logos/ficnetwork.png]
[icowatchlist.com/logos/emarketchain.png]
[icowatchlist.com/logos/cargocoin.png]
[icowatchlist.com/logos/beat.png]
[icowatchlist.com/logos/smartrealty.png]
[icowatchlist.com/logos/friendup.png]
[icowatchlist.com/logos/bounty-angels.png]
[icowatchlist.com/logos/worldopoly.png]
[icowatchlist.com/logos/synthestech.png]
[icowatchlist.com/logos/worldwifi.png]
[icowatchlist.com/logos/goldiam.png]
[icowatchlist.com/logos/dreamteam.png]
[icowatchlist.com/logos/mira.png]
[icowatchlist.com/logos/windenergymining.png]
[icowatchlist.com/logos/unibright.png]
[icowatchlist.com/logos/iame-identity.png]
[icowatchlist.com/logos/koranetwork.png]
[icowatchlist.com/logos/robet.png]
[icowatchlist.com/logos/ftec.png]
[icowatchlist.com/logos/crowd-machine.png]
[icowatchlist.com/logos/renything.png]
[icowatchlist.com/logos/graphgrail-ai.png]
[icowatchlist.com/logos/smoke.png]
[icowatchlist.com/logos/bunnytoken.png]
[icowatchlist.com/logos/mobilebridge.png]
[icowatchlist.com/logos/databroker-dao.png]
[icowatchlist.com/logos/one1.png]
[icowatchlist.com/logos/coinadvisor.png]
[icowatchlist.com/logos/datecoin.png]
[icowatchlist.com/logos/xsearch.png]
[icowatchlist.com/logos/jointedu.png]
[icowatchlist.com/logos/bitrust.png]
[icowatchlist.com/logos/ubcoin-market.png]
[icowatchlist.com/logos/bitproperty.png]
[icowatchlist.com/logos/likecoin.png]
[icowatchlist.com/logos/fcfl.png]
[icowatchlist.com/logos/virtonomics.png]
[icowatchlist.com/logos/transcodium.png]
[icowatchlist.com/logos/gamblica.png]
[icowatchlist.com/logos/eos.png]
[icowatchlist.com/logos/cultural-places.png]
[icowatchlist.com/logos/stasyq.png]
[icowatchlist.com/logos/hybrid-betting.png]
[icowatchlist.com/logos/coinoil.png]
[icowatchlist.com/logos/smart-trip-platform.png]
[icowatchlist.com/logos/multiversum.png]
[icowatchlist.com/logos/gifcoin.png]
[icowatchlist.com/logos/binkd.png]
[icowatchlist.com/logos/bioritmai.png]
[icowatchlist.com/logos/earthmedz.png]
[icowatchlist.com/logos/weevocity.png]
[icowatchlist.com/logos/coin-mine-australia.png]
[icowatchlist.com/logos/savage-token.png]
[icowatchlist.com/logos/b21.png]
[icowatchlist.com/logos/eotrade.png]
[icowatchlist.com/logos/playtness.png]
[icowatchlist.com/logos/equi.png]
[icowatchlist.com/logos/paygine.png]
[icowatchlist.com/logos/iac-autounit.png]
[icowatchlist.com/logos/valoremfoundation.png]
[icowatchlist.com/logos/darico.png]
[icowatchlist.com/logos/multiven-mom.png]
[icowatchlist.com/logos/lantah.png]
[icowatchlist.com/logos/techrod.png]
[icowatchlist.com/logos/provoco.png]
[mize.market/icos.html]
[mize.market/market/100.html]
[mize.market/market/all.html]
[mize.market/go/footer_2/0.html]
[mize.market/go/footer_2/1.html]
[cdnjs.cloudflare.com/ajax/libs/semantic-ui/2.3.0/themes/default/assets/fonts/icons.svg]
[icowatchlist.com/logos/augur.png]
[icowatchlist.com/logos/lisk.png]
[icowatchlist.com/logos/digixdao.png]
[icowatchlist.com/logos/waves.png]
[icowatchlist.com/logos/neo.png]
[icowatchlist.com/logos/stratis.png]
[icowatchlist.com/logos/taonetwork.png]
[icowatchlist.com/logos/incent.png]
[icowatchlist.com/logos/blockpay.png]
[icowatchlist.com/logos/firstblood.png]
[icowatchlist.com/logos/iconomi.png]
[icowatchlist.com/logos/lykke.png]
[icowatchlist.com/logos/synereo.png]
[icowatchlist.com/logos/singulardtv.png]
[icowatchlist.com/logos/beyondthevoid.png]
[icowatchlist.com/logos/decent.png]
[icowatchlist.com/logos/golem.png]
[icowatchlist.com/logos/ark.png]
[icowatchlist.com/logos/vdiceio.png]
[icowatchlist.com/logos/komodo.png]
[icowatchlist.com/logos/golos.png]
[icowatchlist.com/logos/creativecoin.png]
[icowatchlist.com/logos/wings.png]
[icowatchlist.com/logos/tokes.png]
[icowatchlist.com/logos/chronobank.png]
[icowatchlist.com/logos/qtum.png]
[icowatchlist.com/logos/edgeless.png]
[icowatchlist.com/logos/iexec.png]
[icowatchlist.com/logos/encryptotel.png]
[icowatchlist.com/logos/gnosis.png]
[icowatchlist.com/logos/mobilego.png]
[icowatchlist.com/logos/humaniq.png]
[icowatchlist.com/logos/lunyr.png]
[icowatchlist.com/logos/taas.png]
[icowatchlist.com/logos/blockpool.png]
[icowatchlist.com/logos/tokencard.png]
[icowatchlist.com/logos/ecobit.png]
[icowatchlist.com/logos/boscoin.png]
[icowatchlist.com/logos/blockchaincapital.png]
[icowatchlist.com/logos/zrcoin.png]
[icowatchlist.com/logos/aeternity.png]
[icowatchlist.com/logos/ethbits.png]
[icowatchlist.com/logos/peerplays.png]
[icowatchlist.com/logos/aragon.png]
[icowatchlist.com/logos/monaco.png]
[icowatchlist.com/logos/storj.png]
[icowatchlist.com/logos/crypviser.png]
[icowatchlist.com/logos/quantumrl.png]
[icowatchlist.com/logos/cryptoping.png]
[icowatchlist.com/logos/adelphoi.png]
[icowatchlist.com/logos/veritaseum.png]
[icowatchlist.com/logos/mysterium.png]
[icowatchlist.com/logos/exscudo.png]
[icowatchlist.com/logos/patientory.png]
[icowatchlist.com/logos/basicattentiontoken.png]
[icowatchlist.com/logos/wagerr.png]
[icowatchlist.com/logos/nvo.png]
[icowatchlist.com/logos/sphre.png]
[icowatchlist.com/logos/dcorp.png]
[icowatchlist.com/logos/giga-watt.png]
[icowatchlist.com/logos/voise.png]
[icowatchlist.com/logos/bancor.png]
[icowatchlist.com/logos/fundyourselfnow.png]
[icowatchlist.com/logos/minexcoin.png]
[icowatchlist.com/logos/compcoin.png]
[icowatchlist.com/logos/sonm.png]
[icowatchlist.com/logos/status.png]
[icowatchlist.com/logos/21-million.png]
[icowatchlist.com/logos/beth.png]
[icowatchlist.com/logos/onegram.png]
[icowatchlist.com/logos/civic.png]
[icowatchlist.com/logos/coinstorm.png]
[icowatchlist.com/logos/populous.png]
[icowatchlist.com/logos/primalbase.png]
[icowatchlist.com/logos/adtoken.png]
[icowatchlist.com/logos/omisego.png]
[icowatchlist.com/logos/mybit.png]
[icowatchlist.com/logos/bitquence.png]
[icowatchlist.com/logos/santiment.png]
[icowatchlist.com/logos/cofoundit.png]
[icowatchlist.com/logos/metal.png]
[icowatchlist.com/logos/insure-x.png]
[icowatchlist.com/logos/dent.png]
[icowatchlist.com/logos/tezos.png]
[icowatchlist.com/logos/tenx.png]
[icowatchlist.com/logos/district0x.png]
[icowatchlist.com/logos/stox.png]
[icowatchlist.com/logos/starta.png]
[icowatchlist.com/logos/cryptoabs.png]
[icowatchlist.com/logos/suretly.png]
[icowatchlist.com/logos/hive.png]
[icowatchlist.com/logos/coinjob.png]
[icowatchlist.com/logos/0x.png]
[icowatchlist.com/logos/coindash.png]
[icowatchlist.com/logos/decentraland.png]
[icowatchlist.com/logos/rivet.png]
[icowatchlist.com/logos/obsidian.png]
[icowatchlist.com/logos/corion.png]
[icowatchlist.com/logos/imperium.png]
[icowatchlist.com/logos/aicoin.png]
[icowatchlist.com/logos/roc.png]
[icowatchlist.com/logos/bowhead.png]
[icowatchlist.com/logos/atbcoin.png]
[icowatchlist.com/logos/monetha.png]
[icowatchlist.com/logos/benjacoin.png]
[icowatchlist.com/logos/tron.png]
[icowatchlist.com/logos/arena.png]
[icowatchlist.com/logos/snapup.png]
[icowatchlist.com/logos/filecoin.png]
[icowatchlist.com/logos/hubiinetwork.png]
[icowatchlist.com/logos/ahoolee.png]
[icowatchlist.com/logos/wildcrypto.png]
[icowatchlist.com/logos/aventus.png]
[icowatchlist.com/logos/daseron.png]
[icowatchlist.com/logos/bitdice.png]
[icowatchlist.com/logos/icobox.png]
[icowatchlist.com/logos/kickico.png]
[icowatchlist.com/logos/umbrellacoin.png]
[icowatchlist.com/logos/kybernetwork.png]
[icowatchlist.com/logos/becksang.png]
[icowatchlist.com/logos/detectortoken.png]
[icowatchlist.com/logos/kin.png]
[icowatchlist.com/logos/realityclash.png]
[icowatchlist.com/logos/jnet1.png]
[icowatchlist.com/logos/litra.png]
[icowatchlist.com/logos/axionv.png]
[icowatchlist.com/logos/moneypotx.png]
[icowatchlist.com/logos/prover.png]
[icowatchlist.com/logos/planescloud.png]
[icowatchlist.com/logos/lustagency.png]
[icowatchlist.com/logos/powerledger.png]
[icowatchlist.com/logos/domraider.png]
[icowatchlist.com/logos/bitjob.png]
[icowatchlist.com/logos/eventchain.png]
[icowatchlist.com/logos/hedgetoken.png]
[icowatchlist.com/logos/paragoncoin.png]
[icowatchlist.com/logos/dlsacademy.png]
[icowatchlist.com/logos/ethbet.png]
[icowatchlist.com/logos/eidoo.png]
[icowatchlist.com/logos/digi.png]
[icowatchlist.com/logos/airtoken.png]
[icowatchlist.com/logos/chainlink.png]
[icowatchlist.com/logos/mywillplatform.png]
[icowatchlist.com/logos/flypme.png]
[icowatchlist.com/logos/cobinhood.png]
[icowatchlist.com/logos/sexservice.png]
[icowatchlist.com/logos/bookira.png]
[icowatchlist.com/logos/blockv.png]
[icowatchlist.com/logos/chex.png]
[icowatchlist.com/logos/keytoken.png]
[icowatchlist.com/logos/astronaut.png]
[icowatchlist.com/logos/clearpoll.png]
[icowatchlist.com/logos/soma.png]
[icowatchlist.com/logos/swarmfund.png]
[icowatchlist.com/logos/langpie.png]
[icowatchlist.com/logos/tokenlab.png]
[icowatchlist.com/logos/granthero.png]
[icowatchlist.com/logos/cryptopay.png]
[icowatchlist.com/logos/aeron.png]
[icowatchlist.com/logos/assistivereality.png]
[icowatchlist.com/logos/bannercoin.png]
[icowatchlist.com/logos/atlant.png]
[icowatchlist.com/logos/aldoin.png]
[icowatchlist.com/logos/dentacoin.png]
[icowatchlist.com/logos/ethino.png]
[icowatchlist.com/logos/ripiocreditnetwork.png]
[icowatchlist.com/logos/cryptotickets.png]
[icowatchlist.com/logos/utrust.png]
[icowatchlist.com/logos/starbase.png]
[icowatchlist.com/logos/qvolta.png]
[icowatchlist.com/logos/altocar.png]
[icowatchlist.com/logos/cryptohive.png]
[icowatchlist.com/logos/blockstack.png]
[icowatchlist.com/logos/genesisvision.png]
[icowatchlist.com/logos/crederoom.png]
[icowatchlist.com/logos/privatix.png]
[icowatchlist.com/logos/copico.png]
[icowatchlist.com/logos/micromoney.png]
[icowatchlist.com/logos/careerxon.png]
[icowatchlist.com/logos/cashpoker.png]
[icowatchlist.com/logos/happiestatwork.png]
[icowatchlist.com/logos/synapse.png]
[icowatchlist.com/logos/wandx.png]
[icowatchlist.com/logos/blockbid.png]
[icowatchlist.com/logos/confideal.png]
[icowatchlist.com/logos/safechildfuture.png]
[icowatchlist.com/logos/multibot.png]
[icowatchlist.com/logos/zeus.png]
[icowatchlist.com/logos/bonpay.png]
[icowatchlist.com/logos/wax.png]
[icowatchlist.com/logos/storm.png]
[icowatchlist.com/logos/playkeyio.png]
[icowatchlist.com/logos/sense.png]
[icowatchlist.com/logos/vezt-ico.png]
[icowatchlist.com/logos/coppay.png]
[icowatchlist.com/logos/ccore.png]
[icowatchlist.com/logos/publica.png]
[icowatchlist.com/logos/dmarket.png]
[icowatchlist.com/logos/verifyunion.png]
[icowatchlist.com/logos/geens.png]
[icowatchlist.com/logos/jboxcoin.png]
[icowatchlist.com/logos/dimnd.png]
[icowatchlist.com/logos/algoland.png]
[icowatchlist.com/logos/amlbitcoin.png]
[icowatchlist.com/logos/worldcore.png]
[icowatchlist.com/logos/delphisystems.png]
[icowatchlist.com/logos/aigang.png]
[icowatchlist.com/logos/medibloc.png]
[icowatchlist.com/logos/nagagroup.png]
[icowatchlist.com/logos/xred.png]
[icowatchlist.com/logos/vegaaisolutions.png]
[icowatchlist.com/logos/prosenselive.png]
[icowatchlist.com/logos/neufund.png]
[icowatchlist.com/logos/sophiatx.png]
[icowatchlist.com/logos/investy.png]
[icowatchlist.com/logos/chainium.png]
[icowatchlist.com/logos/miniappspro.png]
[icowatchlist.com/logos/foreground.png]
[icowatchlist.com/logos/novacool.png]
[icowatchlist.com/logos/connectius.png]
[icowatchlist.com/logos/regarisksharing.png]
[icowatchlist.com/logos/propthereum.png]
[icowatchlist.com/logos/ethersport.png]
[icowatchlist.com/logos/indahash.png]
[icowatchlist.com/logos/debitumnetwork.png]
[icowatchlist.com/logos/kevin.png]
[icowatchlist.com/logos/hdac.png]
[icowatchlist.com/logos/ethereumhigh.png]
[icowatchlist.com/logos/binarycom.png]
[icowatchlist.com/logos/finney.png]
[icowatchlist.com/logos/remme.png]
[icowatchlist.com/logos/insecosystem.png]
[icowatchlist.com/logos/prosumeenergy.png]
[icowatchlist.com/logos/canya.png]
[icowatchlist.com/logos/decentralizedescrow.png]
[icowatchlist.com/logos/ethlend.png]
[icowatchlist.com/logos/bankex.png]
[icowatchlist.com/logos/spectiv.png]
[icowatchlist.com/logos/nau.png]
[icowatchlist.com/logos/daoplaymarket20.png]
[icowatchlist.com/logos/lhcrypto.png]
[icowatchlist.com/logos/liveshow.png]
[icowatchlist.com/logos/styras.png]
[icowatchlist.com/logos/odmcoin.png]
[icowatchlist.com/logos/freedomstreaming.png]
[icowatchlist.com/logos/familypoints.png]
[icowatchlist.com/logos/cryptonetix.png]
[icowatchlist.com/logos/fantasymarket.png]
[icowatchlist.com/logos/loanorlease.png]
[icowatchlist.com/logos/tradeio.png]
[icowatchlist.com/logos/cybertrust.png]
[icowatchlist.com/logos/blockchaintradedfund.png]
[icowatchlist.com/logos/ucash.png]
[icowatchlist.com/logos/starsgroup.png]
[icowatchlist.com/logos/swissborg.png]
[icowatchlist.com/logos/lendoit.png]
[icowatchlist.com/logos/crypterium.png]
[icowatchlist.com/logos/envionevn.png]
[icowatchlist.com/logos/gatcoin.png]
[icowatchlist.com/logos/covesting.png]
[icowatchlist.com/logos/appcoin.png]
[icowatchlist.com/logos/tzero.png]
[icowatchlist.com/logos/solareum.png]
[icowatchlist.com/logos/travelflexcoin.png]
[icowatchlist.com/logos/elastos.png]
[icowatchlist.com/logos/realestatecoupon.png]
[icowatchlist.com/logos/bitdegree.png]
[icowatchlist.com/logos/liveedu.png]
[icowatchlist.com/logos/propify.png]
[icowatchlist.com/logos/jibrelnetwork.png]
[icowatchlist.com/logos/polymath.png]
[icowatchlist.com/logos/storiqa.png]
[icowatchlist.com/logos/gameflip.png]
[icowatchlist.com/logos/vimarket.png]
[icowatchlist.com/logos/pocketinns.png]
[icowatchlist.com/logos/crowdwiz.png]
[icowatchlist.com/logos/the-bee-token.png]
[icowatchlist.com/logos/shipchain.png]
[icowatchlist.com/logos/shping.png]
[icowatchlist.com/logos/iungo.png]
[icowatchlist.com/logos/uservice.png]
[icowatchlist.com/logos/aidcoin.png]
[icowatchlist.com/logos/energitoken.png]
[icowatchlist.com/logos/wepower.png]
[icowatchlist.com/logos/inspeer.png]
[icowatchlist.com/logos/sharpecapital.png]
[icowatchlist.com/logos/escapetoken.png]
[icowatchlist.com/logos/arcblock.png]
[icowatchlist.com/logos/fusion.png]
[icowatchlist.com/logos/scorum.png]
[icowatchlist.com/logos/3dtoken.png]
[icowatchlist.com/logos/redmegawattmwat.png]
[icowatchlist.com/logos/skraps.png]
[icowatchlist.com/logos/dether.png]
[icowatchlist.com/logos/digitcoin.png]
[icowatchlist.com/logos/cryptoibet.png]
[icowatchlist.com/logos/bmarkt.png]
[icowatchlist.com/logos/fuzex.png]
[icowatchlist.com/logos/matrix.png]
[icowatchlist.com/logos/krios.png]
[icowatchlist.com/logos/republic-protocol.png]
[icowatchlist.com/logos/vaultbank.png]
[icowatchlist.com/logos/colulocalnetwork.png]
[icowatchlist.com/logos/outing.png]
[icowatchlist.com/logos/bitroad.png]
[icowatchlist.com/logos/taklimakannetwork.png]
[icowatchlist.com/logos/babb.png]
[icowatchlist.com/logos/biofactorycoin.png]
[icowatchlist.com/logos/cryptotrustnetwork.png]
[icowatchlist.com/logos/localworldforwarders.png]
[icowatchlist.com/logos/odyssey.png]
[icowatchlist.com/logos/remechain.png]
[icowatchlist.com/logos/hoqu.png]
[icowatchlist.com/logos/paypro.png]
[icowatchlist.com/logos/streamspace.png]
[icowatchlist.com/logos/markspace.png]
[icowatchlist.com/logos/raison.png]
[icowatchlist.com/logos/rentberry.png]
[icowatchlist.com/logos/stockchainglobal.png]
[icowatchlist.com/logos/multigames.png]
[icowatchlist.com/logos/hurify.png]
[icowatchlist.com/logos/cacaoshares.png]
[icowatchlist.com/logos/chainid.png]
[icowatchlist.com/logos/dadi.png]
[icowatchlist.com/logos/blocklancer.png]
[icowatchlist.com/logos/tradove.png]
[icowatchlist.com/logos/volinex.png]
[icowatchlist.com/logos/lucyd.png]
[icowatchlist.com/logos/datx.png]
[icowatchlist.com/logos/apex.png]
[icowatchlist.com/logos/lympo.png]
[icowatchlist.com/logos/nucleusvision.png]
[icowatchlist.com/logos/credits.png]
[icowatchlist.com/logos/vionex.png]
[icowatchlist.com/logos/minerdog.png]
[icowatchlist.com/logos/napoleonx.png]
[icowatchlist.com/logos/cryptohawk.png]
[icowatchlist.com/logos/deex.png]
[icowatchlist.com/logos/kyclegal.png]
[icowatchlist.com/logos/corusblock.png]
[icowatchlist.com/logos/watertech.png]
[icowatchlist.com/logos/medicalchain.png]
[icowatchlist.com/logos/echat.png]
[icowatchlist.com/logos/electrifyasia.png]
[icowatchlist.com/logos/helbizcoin.png]
[icowatchlist.com/logos/daneel.png]
[icowatchlist.com/logos/ip-sharing-exchange.png]
[icowatchlist.com/logos/jet8.png]
[icowatchlist.com/logos/havven.png]
[icowatchlist.com/logos/serenity.png]
[icowatchlist.com/logos/phi-token.png]
[icowatchlist.com/logos/telegram-ico.png]
[icowatchlist.com/logos/dogezer.png]
[icowatchlist.com/logos/ocean-protocol.png]
[icowatchlist.com/logos/ethic-hub.png]
[icowatchlist.com/logos/safehaven.png]
[icowatchlist.com/logos/cryptotask.png]
[icowatchlist.com/logos/scrinium.png]
[icowatchlist.com/logos/sp8de.png]
[icowatchlist.com/logos/leadcoin.png]
[icowatchlist.com/logos/cryptaur.png]
[icowatchlist.com/logos/refereum.png]
[icowatchlist.com/logos/travelchainproject.png]
[icowatchlist.com/logos/myoddzbet.png]
[icowatchlist.com/logos/prodeum.png]
[icowatchlist.com/logos/play2live.png]
[icowatchlist.com/logos/viso.png]
[icowatchlist.com/logos/dragoninc.png]
[icowatchlist.com/logos/syncfab.png]
[icowatchlist.com/logos/denaro.png]
[icowatchlist.com/logos/aiom.png]
[icowatchlist.com/logos/capdax.png]
[icowatchlist.com/logos/valid.png]
[icowatchlist.com/logos/egold.png]
[icowatchlist.com/logos/globitex.png]
[icowatchlist.com/logos/opporty.png]
[icowatchlist.com/logos/adhive.png]
[icowatchlist.com/logos/viewly.png]
[icowatchlist.com/logos/cappasity.png]
[icowatchlist.com/logos/origami-network.png]
[icowatchlist.com/logos/cryptonkafe.png]
[icowatchlist.com/logos/fundfantasy.png]
[icowatchlist.com/logos/vestopia.png]
[icowatchlist.com/logos/exenium.png]
[icowatchlist.com/logos/selfllery.png]
[icowatchlist.com/logos/gilgamesh.png]
[icowatchlist.com/logos/booleancoin.png]
[icowatchlist.com/logos/namitrade.png]
[icowatchlist.com/logos/winco.png]
[icowatchlist.com/logos/joy-token.png]
[icowatchlist.com/logos/wawllet.png]
[icowatchlist.com/logos/oxalor.png]
[icowatchlist.com/logos/requitix.png]
[icowatchlist.com/logos/ensbid.png]
[icowatchlist.com/logos/wikibits.png]
[icowatchlist.com/logos/pitch.png]
[icowatchlist.com/logos/thought.png]
[icowatchlist.com/logos/crowdholding.png]
[icowatchlist.com/logos/bitrent.png]
[icowatchlist.com/logos/beefcoin.png]
[icowatchlist.com/logos/fortysevenbank.png]
[icowatchlist.com/logos/handelion.png]
[icowatchlist.com/logos/tutellus.png]
[icowatchlist.com/logos/abchain.png]
[icowatchlist.com/logos/galaxyesolutions.png]
[icowatchlist.com/logos/skychain.png]
[icowatchlist.com/logos/clearcoin.png]
[icowatchlist.com/logos/eroiy.png]
[icowatchlist.com/logos/fabrictoken.png]
[icowatchlist.com/logos/the-coffee-token.png]
[icowatchlist.com/logos/true-reply.png]
[icowatchlist.com/logos/paysura.png]
[icowatchlist.com/logos/nkor.png]
[icowatchlist.com/logos/hashbux.png]
[icowatchlist.com/logos/bittoexchange.png]
[icowatchlist.com/logos/ether-legends-elet.png]
[icowatchlist.com/logos/amon.png]
[icowatchlist.com/logos/vestarin.png]
[icowatchlist.com/logos/thrive.png]
[icowatchlist.com/logos/r3sec.png]
[icowatchlist.com/logos/repux.png]
[icowatchlist.com/logos/bank-of-hash-power.png]
[icowatchlist.com/logos/renteum.png]
[icowatchlist.com/logos/bills.png]
[icowatchlist.com/logos/sandblock.png]
[icowatchlist.com/logos/vlb.png]
[icowatchlist.com/logos/signalsnetwork.png]
[icowatchlist.com/logos/gizer.png]
[icowatchlist.com/logos/md-tokens.png]
[icowatchlist.com/logos/cubaaz.png]
[icowatchlist.com/logos/onlive.png]
[icowatchlist.com/logos/rxeal.png]
[icowatchlist.com/logos/flogmall.png]
[icowatchlist.com/logos/mosaic.png]
[icowatchlist.com/logos/violaai.png]
[icowatchlist.com/logos/iolite.png]
[icowatchlist.com/logos/moxyone.png]
[icowatchlist.com/logos/rentaway.png]
[icowatchlist.com/logos/neurochain.png]
[icowatchlist.com/logos/nativevideobox.png]
[icowatchlist.com/logos/midex.png]
[icowatchlist.com/logos/node.png]
[icowatchlist.com/logos/bitether.png]
[icowatchlist.com/logos/blockpix.png]
[icowatchlist.com/logos/hamster-marketplace.png]
[icowatchlist.com/logos/moneytap-token.png]
[icowatchlist.com/logos/giftcoin.png]
[icowatchlist.com/logos/benebit.png]
[icowatchlist.com/logos/xyo-network.png]
[icowatchlist.com/logos/sportscastr-fanchain.png]
[icowatchlist.com/logos/ponder.png]
[icowatchlist.com/logos/bitcar.png]
[icowatchlist.com/logos/rexpax.png]
[icowatchlist.com/logos/dehedge.png]
[icowatchlist.com/logos/kryllio.png]
[icowatchlist.com/logos/auctus.png]
[icowatchlist.com/logos/pokersports.png]
[icowatchlist.com/logos/smrt.png]
[icowatchlist.com/logos/lendingblock.png]
[icowatchlist.com/logos/alax.png]
[icowatchlist.com/logos/follex.png]
[icowatchlist.com/logos/otcrit.png]
[icowatchlist.com/logos/bitnation.png]
[icowatchlist.com/logos/checqit.png]
[icowatchlist.com/logos/glu.png]
[mize.market/icos/finished.html]
[mize.market/icos/live.html]
[icowatchlist.com/logos/datareum.png]
[icowatchlist.com/logos/spindle.png]
[icowatchlist.com/logos/transcrypt.png]
[icowatchlist.com/logos/luckchemy.png]
[icowatchlist.com/logos/brickblock.png]
[icowatchlist.com/logos/iryo.png]
[icowatchlist.com/logos/tripbit.png]
[icowatchlist.com/logos/konios.png]
[icowatchlist.com/logos/verasity.png]
[icowatchlist.com/logos/gochain.png]
[icowatchlist.com/logos/ingot-coin.png]
[icowatchlist.com/logos/adblurb.png]
[icowatchlist.com/logos/stex-exchange.png]
[icowatchlist.com/logos/xsolus.png]
[icowatchlist.com/logos/global-reit.png]
[icowatchlist.com/logos/safinus.png]
[icowatchlist.com/logos/diw-token.png]
[icowatchlist.com/logos/white-rabbit.png]
[icowatchlist.com/logos/botchain.png]
[icowatchlist.com/logos/bhom.png]
[icowatchlist.com/logos/cryptoflix.png]
[icowatchlist.com/logos/coins4favors.png]
[icowatchlist.com/logos/kasko2go.png]
[icowatchlist.com/logos/triwer.png]
[icowatchlist.com/logos/topiacoin.png]
[icowatchlist.com/logos/bidipass.png]
[icowatchlist.com/logos/plentix.png]
[icowatchlist.com/logos/immvrse.png]
[icowatchlist.com/logos/deedcoin.png]
[icowatchlist.com/logos/payera.png]
[icowatchlist.com/logos/invest-in-brokers.png]
[icowatchlist.com/logos/lotus-core.png]
[icowatchlist.com/logos/coti.png]
[icowatchlist.com/logos/bithemoth.png]
[icowatchlist.com/logos/gizadevice.png]
[mize.market/icos/upcoming.html]
[icowatchlist.com/logos/vdiceio.html]
[icowatchlist.com/logos/golos.html]
[icowatchlist.com/logos/monetha.html]
[icowatchlist.com/logos/chainlink.html]
[icowatchlist.com/logos/vezt-ico.html]
[icowatchlist.com/logos/the-bee-token.html]
[icowatchlist.com/logos/odyssey.html]
